> Task :app:preBuild UP-TO-DATE
> Task :app:preDebugBuild UP-TO-DATE
> Task :app:mergeDebugNativeDebugMetadata NO-SOURCE
> Task :app:checkKotlinGradlePluginConfigurationErrors
> Task :app:checkDebugAarMetadata UP-TO-DATE
> Task :app:processDebugNavigationResources UP-TO-DATE
> Task :app:compileDebugNavigationResources UP-TO-DATE
> Task :app:generateDebugResValues UP-TO-DATE
> Task :app:mapDebugSourceSetPaths UP-TO-DATE
> Task :app:generateDebugResources UP-TO-DATE
> Task :app:mergeDebugResources UP-TO-DATE
> Task :app:packageDebugResources UP-TO-DATE
> Task :app:parseDebugLocalResources UP-TO-DATE
> Task :app:createDebugCompatibleScreenManifests UP-TO-DATE
> Task :app:extractDeepLinksDebug UP-TO-DATE
> Task :app:processDebugMainManifest UP-TO-DATE
> Task :app:processDebugManifest UP-TO-DATE
> Task :app:processDebugManifestForPackage UP-TO-DATE
> Task :app:processDebugResources UP-TO-DATE
> Task :app:javaPreCompileDebug UP-TO-DATE
> Task :app:mergeDebugShaders UP-TO-DATE
> Task :app:compileDebugShaders NO-SOURCE
> Task :app:generateDebugAssets UP-TO-DATE
> Task :app:mergeDebugAssets UP-TO-DATE
> Task :app:compressDebugAssets UP-TO-DATE
> Task :app:desugarDebugFileDependencies UP-TO-DATE
> Task :app:checkDebugDuplicateClasses UP-TO-DATE
> Task :app:mergeExtDexDebug UP-TO-DATE
> Task :app:mergeLibDexDebug UP-TO-DATE
> Task :app:mergeDebugJniLibFolders UP-TO-DATE
> Task :app:mergeDebugNativeLibs NO-SOURCE
> Task :app:stripDebugDebugSymbols NO-SOURCE
> Task :app:validateSigningDebug UP-TO-DATE
> Task :app:writeDebugAppMetadata UP-TO-DATE
> Task :app:writeDebugSigningConfigVersions UP-TO-DATE

> Task :app:kspDebugKotlin FAILED
e: [ksp] D:/CD Player/app/src/main/java/com/example/cdplayer/ui/screens/player/PlayerScreen.kt: (468, 34): Function declaration must have a name
e: Error occurred in KSP, check log for detail
e: file:///D:/CD%20Player/app/src/main/java/com/example/cdplayer/ui/components/FavoriteButton.kt:99:5 Expecting a top level declaration
e: file:///D:/CD%20Player/app/src/main/java/com/example/cdplayer/ui/components/FavoriteButton.kt:100:1 Expecting a top level declaration
e: file:///D:/CD%20Player/app/src/main/java/com/example/cdplayer/ui/screens/player/PlayerScreen.kt:322:15 Unexpected tokens (use ';' to separate expressions on the same line)
e: file:///D:/CD%20Player/app/src/main/java/com/example/cdplayer/ui/screens/player/PlayerScreen.kt:468:5 Expecting a top level declaration
e: file:///D:/CD%20Player/app/src/main/java/com/example/cdplayer/ui/screens/player/PlayerScreen.kt:468:8 Expecting a top level declaration
e: file:///D:/CD%20Player/app/src/main/java/com/example/cdplayer/ui/screens/player/PlayerScreen.kt:468:9 Expecting a top level declaration
e: file:///D:/CD%20Player/app/src/main/java/com/example/cdplayer/ui/screens/player/PlayerScreen.kt:468:16 Expecting a top level declaration
e: file:///D:/CD%20Player/app/src/main/java/com/example/cdplayer/ui/screens/player/PlayerScreen.kt:468:17 Expecting a top level declaration
e: file:///D:/CD%20Player/app/src/main/java/com/example/cdplayer/ui/screens/player/PlayerScreen.kt:468:32 Expecting a top level declaration
e: file:///D:/CD%20Player/app/src/main/java/com/example/cdplayer/ui/screens/player/PlayerScreen.kt:468:34 Expecting a top level declaration
e: file:///D:/CD%20Player/app/src/main/java/com/example/cdplayer/ui/screens/player/PlayerScreen.kt:477:5 Expecting a top level declaration
e: file:///D:/CD%20Player/app/src/main/java/com/example/cdplayer/ui/screens/player/PlayerScreen.kt:477:8 Expecting a top level declaration
e: file:///D:/CD%20Player/app/src/main/java/com/example/cdplayer/ui/screens/player/PlayerScreen.kt:477:9 Expecting a top level declaration
e: file:///D:/CD%20Player/app/src/main/java/com/example/cdplayer/ui/screens/player/PlayerScreen.kt:477:16 Expecting a top level declaration
e: file:///D:/CD%20Player/app/src/main/java/com/example/cdplayer/ui/screens/player/PlayerScreen.kt:477:17 Expecting a top level declaration
e: file:///D:/CD%20Player/app/src/main/java/com/example/cdplayer/ui/screens/player/PlayerScreen.kt:477:37 Expecting a top level declaration
e: file:///D:/CD%20Player/app/src/main/java/com/example/cdplayer/ui/screens/player/PlayerScreen.kt:477:39 Expecting a top level declaration
e: file:///D:/CD%20Player/app/src/main/java/com/example/cdplayer/ui/screens/player/PlayerScreen.kt:485:5 Expecting a top level declaration
e: file:///D:/CD%20Player/app/src/main/java/com/example/cdplayer/ui/screens/player/PlayerScreen.kt:485:8 Expecting a top level declaration
e: file:///D:/CD%20Player/app/src/main/java/com/example/cdplayer/ui/screens/player/PlayerScreen.kt:485:9 Expecting a top level declaration
e: file:///D:/CD%20Player/app/src/main/java/com/example/cdplayer/ui/screens/player/PlayerScreen.kt:485:16 Expecting a top level declaration
e: file:///D:/CD%20Player/app/src/main/java/com/example/cdplayer/ui/screens/player/PlayerScreen.kt:485:17 Expecting a top level declaration
e: file:///D:/CD%20Player/app/src/main/java/com/example/cdplayer/ui/screens/player/PlayerScreen.kt:485:35 Expecting a top level declaration
e: file:///D:/CD%20Player/app/src/main/java/com/example/cdplayer/ui/screens/player/PlayerScreen.kt:485:37 Expecting a top level declaration
e: file:///D:/CD%20Player/app/src/main/java/com/example/cdplayer/ui/screens/player/PlayerScreen.kt:493:5 Expecting a top level declaration
e: file:///D:/CD%20Player/app/src/main/java/com/example/cdplayer/ui/screens/player/PlayerScreen.kt:493:8 Expecting a top level declaration
e: file:///D:/CD%20Player/app/src/main/java/com/example/cdplayer/ui/screens/player/PlayerScreen.kt:493:9 Expecting a top level declaration
e: file:///D:/CD%20Player/app/src/main/java/com/example/cdplayer/ui/screens/player/PlayerScreen.kt:493:16 Expecting a top level declaration
e: file:///D:/CD%20Player/app/src/main/java/com/example/cdplayer/ui/screens/player/PlayerScreen.kt:493:17 Expecting a top level declaration
e: file:///D:/CD%20Player/app/src/main/java/com/example/cdplayer/ui/screens/player/PlayerScreen.kt:493:31 Expecting a top level declaration
e: file:///D:/CD%20Player/app/src/main/java/com/example/cdplayer/ui/screens/player/PlayerScreen.kt:493:33 Expecting a top level declaration
e: file:///D:/CD%20Player/app/src/main/java/com/example/cdplayer/ui/screens/player/PlayerScreen.kt:506:5 Expecting a top level declaration
e: file:///D:/CD%20Player/app/src/main/java/com/example/cdplayer/ui/screens/player/PlayerScreen.kt:506:12 Expecting a top level declaration
e: file:///D:/CD%20Player/app/src/main/java/com/example/cdplayer/ui/screens/player/PlayerScreen.kt:506:13 Expecting a top level declaration
e: file:///D:/CD%20Player/app/src/main/java/com/example/cdplayer/ui/screens/player/PlayerScreen.kt:506:29 Expecting a top level declaration
e: file:///D:/CD%20Player/app/src/main/java/com/example/cdplayer/ui/screens/player/PlayerScreen.kt:506:31 Expecting a top level declaration
e: file:///D:/CD%20Player/app/src/main/java/com/example/cdplayer/ui/screens/player/PlayerScreen.kt:506:35 Expecting a top level declaration
e: file:///D:/CD%20Player/app/src/main/java/com/example/cdplayer/ui/screens/player/PlayerScreen.kt:506:44 Unexpected tokens (use ';' to separate expressions on the same line)
e: file:///D:/CD%20Player/app/src/main/java/com/example/cdplayer/ui/screens/player/PlayerScreen.kt:529:1 Expecting a top level declaration


[Incubating] Problems report is available at: file:///D:/CD%20Player/build/reports/problems/problems-report.html
FAILURE: Build failed with an exception.

* What went wrong:
Execution failed for task ':app:kspDebugKotlin'.
> A failure occurred while executing org.jetbrains.kotlin.compilerRunner.GradleCompilerRunnerWithWorkers$GradleKotlinCompilerWorkAction
   > Compilation error. See log for more details

* Try:
> Run with --stacktrace option to get the stack trace.
> Run with --info or --debug option to get more log output.
> Run with --scan to get full insights.
> Get more help at https://help.gradle.org.

Deprecated Gradle features were used in this build, making it incompatible with Gradle 9.0.

You can use '--warning-mode all' to show the individual deprecation warnings and determine if they come from your own scripts or plugins.

For more on this, please refer to https://docs.gradle.org/8.13/userguide/command_line_interface.html#sec:command_line_warnings in the Gradle documentation.

29 actionable tasks: 2 executed, 27 up-to-date
BUILD FAILED in 2s
GRADLE_EXIT_CONSOLE==은(는) 예상되지 않았습니다.
